---
source: tui/src/cwd_prompt.rs
expression: terminal.backend()
---

选择用于分叉本次会话的工作目录

  Session = 分叉会话时记录的最新 cwd                                            
  Current = 你当前的工作目录

› 1. 使用会话目录（/Users/example/session）                                     
  2. 使用当前目录（/Users/example/current）

  按 enter 继续
