---
source: tui/src/bottom_pane/request_user_input/mod.rs
expression: "render_snapshot(&overlay, area)"
---
                                                                                
  存 在 未 回 答 问 题 ， 仍 要 提 交 吗 ？                                                   
  2 unanswered questions                                                        
                                                                                
  › 1. 继 续 提 交   提 交 时 包 含  2 个 未 回 答 问 题 。                                     
    2. 返 回       返 回 第 一 个 未 回 答 的 问 题 。                                        
                                                                                
                                                                                
                                                                                
                                                                                
  按  enter 确 认 ， 按  esc 返 回
