---
source: tui/src/bottom_pane/chat_composer.rs
expression: terminal.backend()
---
"                                                                                                                        "
"› Ask Codex to do anything                                                                                              "
"                                                                                                                        "
"                                                                                                                        "
"                                                                                                                        "
"                                                                                                                        "
"                                                                                                                        "
"                                                                                                                        "
"  ? 查看快捷键                                                                                         100% 上下文剩余  " Hidden by multi-width symbols: [(5, " "), (7, " "), (9, " "), (11, " "), (13, " "), (109, " "), (111, " "), (113, " "), (115, " "), (117, " ")]
