---
source: tui/src/bottom_pane/chat_composer.rs
expression: terminal.backend()
---
"                                                                                                    "
"› short                                                                                             "
"                                                                                                    "
"                                                                                                    "
"                                                                                                    "
"                                                                                                    "
"                                                                                                    "
"                                                                                                    "
"                                                                                                    "
"                                                                                   100% 上下文剩余  " Hidden by multi-width symbols: [(89, " "), (91, " "), (93, " "), (95, " "), (97, " ")]
