---
source: tui/src/bottom_pane/chat_composer.rs
expression: terminal.backend()
---
"                                                                                                                        "
"› Test                                                                                                                  "
"                                                                                                                        "
"                                                                                                                        "
"                                                                                                                        "
"                                                                                                                        "
"                                                                                                                        "
"                                                                                                                        "
"  tab 排队发送消息                                                                                      98% 上下文剩余  " Hidden by multi-width symbols: [(7, " "), (9, " "), (11, " "), (13, " "), (15, " "), (17, " "), (109, " "), (111, " "), (113, " "), (115, " "), (117, " ")]
