---
source: tui/src/bottom_pane/chat_composer.rs
expression: terminal.backend()
---
"                          "
"› Ask Codex to do anythin "
"                          "
"                          "
"                          "
"                          "
"                          "
"                          "
"         100% 上下文剩余  " Hidden by multi-width symbols: [(15, " "), (17, " "), (19, " "), (21, " "), (23, " ")]
