---
source: tui/src/chatwidget/tests.rs
expression: terminal.backend()
---
"                                                                                "
"• Working (0s • esc to interrupt) · 1 background terminal running · /ps to view "
"                                                                                "
"                                                                                "
"› Ask Codex to do anything                                                      "
"                                                                                "
"  ? 查看快捷键                                                 100% 上下文剩余  " Hidden by multi-width symbols: [(5, " "), (7, " "), (9, " "), (11, " "), (13, " "), (69, " "), (71, " "), (73, " "), (75, " "), (77, " ")]
